I'm sorry, but errors were detected in your script. Please correct the
errors listed below, and try again.


File "game/screens.rpy", line 1059: expected a keyword argument, colon, or end of line.
    textbutton _("Uncap FPS") action preferences.gl_framerate = None
                                                              ^

Ren'Py Version: Ren'Py 8.3.2.24090902
Tue Oct 15 12:07:24 2024
